[www.myopt.org/index.html]
[backblue.gif]
[fade.gif]
[index.html]
[www.myopt.org/blog-feed.xml]
[www.myopt.org/vip.html]
[www.myopt.org/opt.html]
[www.myopt.org/optext.html]
[www.myopt.org/fulltime.html]
[www.myopt.org/offer.html]
[www.myopt.org/myjob.html]
[www.myopt.org/blog.html]
[www.myopt.org/services-7.html]
[www.myopt.org/about.html]
[www.myopt.org/创始人.html]
[www.myopt.org/contact.html]
[www.myopt.org/media/emptystate.85a4add5.c.delayed]
[www.myopt.org/offer/customer-support-engineer.html]
[www.myopt.org/offer/data-analyst.html]
[www.myopt.org/offer/system-engineer.html]
[www.myopt.org/offer/software-engineer.html]
[www.myopt.org/offer/financial-analyst.html]
[www.myopt.org/offer/investment-analyst.html]
[www.myopt.org/offer/staff-accountant.html]
[www.myopt.org/offer/software-engineer-intern.html]
[www.myopt.org/post/2024-h1b改革：除了一人一抽，还有什么变化？.html]
[www.myopt.org/post/opt、opt-extention和cpt期间出境美国的政策比较.html]
[www.myopt.org/post/datainterview-1.html]
[www.myopt.org/sitemap.xml]
[www.myopt.org/feed.19.delayed]
[www.myopt.org/${n.1a.delayed]
[www.myopt.org/decodeURIComponent(e.1b.delayed]
[www.myopt.org/index.html]
[www.myopt.org/myjob/business-ingelligence-analyst.html]
[www.myopt.org/myjob/software-engineer.html]
[www.myopt.org/myjob/quantitative-analyst.html]
[www.myopt.org/myjob/financial-analytical-associate.html]
[www.myopt.org/myjob/data-analyst.html]
[www.myopt.org/myjob/brand-marketing-analyst.html]
[www.myopt.org/myjob/financial-analyst.html]
[www.myopt.org/myjob/marketing-analyst.html]
[www.myopt.org/myjob/business-analyst.html]
[www.myopt.org/myjob/software-development-engineer.html]
[www.myopt.org/myjob/ui/ux-designer.html]
[www.myopt.org/myjob/software-development-engineer---entry-level.html]
[www.myopt.org/myjob/backend-software-engineer.html]
[www.myopt.org/myjob/front-end-engineer.html]
[www.myopt.org/myjob/designer.html]
[www.myopt.org/myjob/design-/-sale.html]
[www.myopt.org/myjob/product-design-engineer.html]
[www.myopt.org/myjob/user-experience-designer.html]
[www.myopt.org/myjob/ux-designer.html]
[www.myopt.org/myjob/geographic-design.html]
[www.myopt.org/myjob/project-analyst-.html]
[www.myopt.org/myjob/web-design/uiux.html]
[www.myopt.org/myjob/purchasing/acct-assistant.html]
[www.myopt.org/myjob/software-development-engineer-.html]
[www.myopt.org/myjob/financial-data-analyst.html]
[www.myopt.org/myjob/data-and-program-analyst.html]
[www.myopt.org/myjob/e-commerce-analyst.html]
[www.myopt.org/myjob/embedded-engineer.html]
[www.myopt.org/myjob/product-analyst.html]
[www.myopt.org/myjob/product-data-analyst.html]
[www.myopt.org/myjob/functional-safety-engineer.html]
[www.myopt.org/myjob/software-engineer--data-visualization.html]
[www.myopt.org/myjob/full-stack-engineer.html]
[www.myopt.org/myjob/business-intelligence-analyst.html]
[www.myopt.org/myjob/uiux-designer.html]
[www.myopt.org/myjob/product-manager.html]
[www.myopt.org/myjob/operation-analyst.html]
[www.myopt.org/myjob/ui-ux-designer.html]
[www.myopt.org/myjob/ui-developer.html]
[www.myopt.org/myjob/data-scientist.html]
[www.myopt.org/myjob/ui、ux-developer.html]
[www.myopt.org/myjob/sales-/-account-manager.html]
[www.myopt.org/myjob/ios-developer.html]
[www.myopt.org/myjob/新媒体运营.html]
[www.myopt.org/myjob/产品运营.html]
[www.myopt.org/myjob/投资策略分析师.html]
[www.myopt.org/myjob/ui设计师.html]
[www.myopt.org/myjob/marketing-and-public-relations-specialist.html]
[www.myopt.org/myjob/投资分析师.html]
[www.myopt.org/myjob/全球商务拓展.html]
[www.myopt.org/myjob/设计师.html]
[www.myopt.org/myjob/商业分析师.html]
[www.myopt.org/myjob/product-marketing-manager.html]
[www.myopt.org/myjob/商务拓展.html]
[www.myopt.org/myjob/产品经理.html]
[www.myopt.org/myjob/运营.html]
[www.myopt.org/myjob/customer-success.html]
[www.myopt.org/myjob/数据分析师.html]
[www.myopt.org/myjob/前、后端软件工程师.html]
[www.myopt.org/myjob/数据工程师.html]
[www.myopt.org/myjob/软件开发工程师.html]
[www.myopt.org/myjob/ui-设计师.html]
[www.myopt.org/vip.html]
[www.myopt.org/myjob/市场营销/运营.html]
[www.myopt.org/post/2023optapplication.html]
[www.myopt.org/post/opt_employment_report.html]
[www.myopt.org/opt.html]
[www.myopt.org/post/opt-unemployment-help.html]
[www.myopt.org/offer/business-analyst-intern.html]
[www.myopt.org/offer/software-engineer-full-time.html]
[www.myopt.org/offer/deep-learning.html]
[www.myopt.org/offer/investment-analyst-.html]
[www.myopt.org/offer/junior-software-engineer.html]
[www.myopt.org/post/opt_extension_deadline.html]
[www.myopt.org/post/stem-opt-挂靠.html]
[www.myopt.org/optext.html]
[www.myopt.org/post/stemopt申请时间timeline.html]
[www.myopt.org/post/h1b_wage_requirement.html]
[www.myopt.org/post/2023h1b_completeguide.html]
[www.myopt.org/fulltime.html]
[www.myopt.org/post/2024h1btimeline.html]
[www.myopt.org/offer/software-development-engineer-intern.html]
[www.myopt.org/offer/product-designer.html]
[www.myopt.org/offer/software-development-engineer-junior-.html]
[www.myopt.org/offer/jr.html]
[www.myopt.org/offer/data-analyst-intern.html]
[www.myopt.org/offer/account-manager-intern.html]
[www.myopt.org/offer/software-development-engineer.html]
[www.myopt.org/offer/digital-marketing-intern.html]
[www.myopt.org/offer/video/animation-intern.html]
[www.myopt.org/offer/financial-analyst-.html]
[www.myopt.org/offer/support-engineer.html]
[www.myopt.org/offer/compliance-analyst.html]
[www.myopt.org/offer/business-development-intern.html]
[www.myopt.org/offer/junior-software-development-engineer-.html]
[www.myopt.org/offer/business-analyst.html]
[www.myopt.org/offer/jr-product-manager-assistant.html]
[www.myopt.org/offer.html]
[www.myopt.org/myjob.html]
[www.myopt.org/offer/research-associate.html]
[www.myopt.org/blog/page/2.html]
[www.myopt.org/blog/categories/求职干货.html]
[www.myopt.org/blog/categories/法律干货.html]
[www.myopt.org/blog/categories/软件工程.html]
[www.myopt.org/blog/categories/数据分析.html]
[www.myopt.org/blog/categories/商务金融.html]
[www.myopt.org/blog.html]
[www.myopt.org/services-7.html]
[www.myopt.org/about.html]
[www.myopt.org/创始人.html]
[www.myopt.org/contact.html]
[www.myopt.org/media/emptystate.85a4add5.html]
[www.myopt.org/blog/page/3.html]
[www.myopt.org/offer/media/emptystate.85a4add5.html]
[www.myopt.org/offer/robots.html]
[www.myopt.org/offer/sitemap.83.delayed]
[www.myopt.org/offer/feed.84.delayed]
[www.myopt.org/offer/${n.html]
[www.myopt.org/offer/customer-support-engineer.html]
[www.myopt.org/offer/data-analyst.html]
[www.myopt.org/offer/system-engineer.html]
[www.myopt.org/offer/software-engineer.html]
[www.myopt.org/offer/financial-analyst.html]
[www.myopt.org/offer/investment-analyst.html]
[www.myopt.org/offer/staff-accountant.html]
[www.myopt.org/offer/software-engineer-intern.html]
[www.myopt.org/offer/decodeURIComponent(e.html]
[www.myopt.org/post/robots.html]
[www.myopt.org/post/sitemap.88.delayed]
[www.myopt.org/post/feed.89.delayed]
[www.myopt.org/post/${n.html]
[www.myopt.org/post/2024-h1b改革：除了一人一抽，还有什么变化？.html]
[www.myopt.org/post/opt、opt-extention和cpt期间出境美国的政策比较.html]
[www.myopt.org/post/datainterview-1.html]
[www.myopt.org/feed.html]
[www.myopt.org/${n.html]
[www.myopt.org/decodeURIComponent(e.html]
[www.myopt.org/post/decodeURIComponent(e.html]
[www.myopt.org/myjob/robots.html]
[www.myopt.org/myjob/sitemap.8d.delayed]
[www.myopt.org/myjob/feed.8e.delayed]
[www.myopt.org/myjob/${n.html]
[www.myopt.org/myjob/business-ingelligence-analyst.html]
[www.myopt.org/myjob/software-engineer.html]
[www.myopt.org/myjob/quantitative-analyst.html]
[www.myopt.org/myjob/financial-analytical-associate.html]
[www.myopt.org/myjob/data-analyst.html]
[www.myopt.org/myjob/brand-marketing-analyst.html]
[www.myopt.org/myjob/financial-analyst.html]
[www.myopt.org/myjob/marketing-analyst.html]
[www.myopt.org/myjob/business-analyst.html]
[www.myopt.org/myjob/software-development-engineer.html]
[www.myopt.org/myjob/ui/ux-designer.html]
[www.myopt.org/myjob/software-development-engineer---entry-level.html]
[www.myopt.org/myjob/backend-software-engineer.html]
[www.myopt.org/myjob/front-end-engineer.html]
[www.myopt.org/myjob/designer.html]
[www.myopt.org/myjob/design-/-sale.html]
[www.myopt.org/myjob/product-design-engineer.html]
[www.myopt.org/myjob/user-experience-designer.html]
[www.myopt.org/myjob/ux-designer.html]
[www.myopt.org/myjob/geographic-design.html]
[www.myopt.org/myjob/project-analyst-.html]
[www.myopt.org/myjob/web-design/uiux.html]
[www.myopt.org/myjob/purchasing/acct-assistant.html]
[www.myopt.org/myjob/software-development-engineer-.html]
[www.myopt.org/myjob/financial-data-analyst.html]
[www.myopt.org/myjob/data-and-program-analyst.html]
[www.myopt.org/myjob/e-commerce-analyst.html]
[www.myopt.org/myjob/embedded-engineer.html]
[www.myopt.org/myjob/product-analyst.html]
[www.myopt.org/myjob/product-data-analyst.html]
[www.myopt.org/myjob/functional-safety-engineer.html]
[www.myopt.org/myjob/software-engineer--data-visualization.html]
[www.myopt.org/myjob/full-stack-engineer.html]
[www.myopt.org/myjob/business-intelligence-analyst.html]
[www.myopt.org/myjob/uiux-designer.html]
[www.myopt.org/myjob/product-manager.html]
[www.myopt.org/myjob/operation-analyst.html]
[www.myopt.org/myjob/ui-ux-designer.html]
[www.myopt.org/myjob/ui-developer.html]
[www.myopt.org/myjob/data-scientist.html]
[www.myopt.org/myjob/ui、ux-developer.html]
[www.myopt.org/myjob/sales-/-account-manager.html]
[www.myopt.org/myjob/ios-developer.html]
[www.myopt.org/myjob/新媒体运营.html]
[www.myopt.org/myjob/产品运营.html]
[www.myopt.org/myjob/投资策略分析师.html]
[www.myopt.org/myjob/ui设计师.html]
[www.myopt.org/myjob/marketing-and-public-relations-specialist.html]
[www.myopt.org/myjob/投资分析师.html]
[www.myopt.org/myjob/全球商务拓展.html]
[www.myopt.org/myjob/设计师.html]
[www.myopt.org/myjob/商业分析师.html]
[www.myopt.org/myjob/product-marketing-manager.html]
[www.myopt.org/myjob/商务拓展.html]
[www.myopt.org/myjob/产品经理.html]
[www.myopt.org/myjob/运营.html]
[www.myopt.org/myjob/customer-success.html]
[www.myopt.org/myjob/数据分析师.html]
[www.myopt.org/myjob/前、后端软件工程师.html]
[www.myopt.org/myjob/数据工程师.html]
[www.myopt.org/myjob/软件开发工程师.html]
[www.myopt.org/myjob/ui-设计师.html]
[www.myopt.org/myjob/市场营销/运营.html]
[www.myopt.org/myjob/decodeURIComponent(e.html]
[www.myopt.org/blog/tags/留学生.html]
[www.myopt.org/blog/tags/opt.html]
[www.myopt.org/blog/tags/opt申请指南.html]
[www.myopt.org/post/2023optapplication.html]
[www.myopt.org/blog/tags/i-765填写指南.html]
[www.myopt.org/blog/tags/北美求职.html]
[www.myopt.org/blog/tags/f1签证.html]
[www.myopt.org/blog/tags/opt-extension.html]
[www.myopt.org/blog/tags/opt失业期.html]
[www.myopt.org/post/opt_employment_report.html]
[www.myopt.org/post/opt-unemployment-help.html]
[www.myopt.org/offer/business-analyst-intern.html]
[www.myopt.org/offer/software-engineer-full-time.html]
[www.myopt.org/offer/deep-learning.html]
[www.myopt.org/offer/investment-analyst-.html]
[www.myopt.org/offer/junior-software-engineer.html]
[www.myopt.org/post/stemopt_extension_everify.html]
[www.myopt.org/blog/tags/北美留学.html]
[www.myopt.org/post/opt_extension_deadline.html]
[www.myopt.org/blog/tags/opt延期.html]
[www.myopt.org/post/stem-opt-挂靠.html]
[www.myopt.org/blog/tags/移民局禁令.html]
[www.myopt.org/blog/tags/ead卡进度查询.html]
[www.myopt.org/post/stemopt申请时间timeline.html]
[www.myopt.org/post/applyoptextension.html]
[www.myopt.org/blog/tags/h1b签证.html]
[www.myopt.org/blog/tags/h1b抽签.html]
[www.myopt.org/post/h1b_wage_requirement.html]
[www.myopt.org/blog/tags/h1b新规.html]
[www.myopt.org/post/2023h1b_completeguide.html]
[www.myopt.org/post/2024h1btimeline.html]
[www.myopt.org/offer/software-development-engineer-intern.html]
[www.myopt.org/offer/product-designer.html]
[www.myopt.org/offer/software-development-engineer-junior-.html]
[www.myopt.org/offer/jr.html]
[www.myopt.org/offer/data-analyst-intern.html]
[www.myopt.org/offer/account-manager-intern.html]
[www.myopt.org/offer/software-development-engineer.html]
[www.myopt.org/offer/digital-marketing-intern.html]
[www.myopt.org/offer/video/animation-intern.html]
[www.myopt.org/offer/financial-analyst-.html]
[www.myopt.org/offer/support-engineer.html]
[www.myopt.org/offer/compliance-analyst.html]
[www.myopt.org/offer/business-development-intern.html]
[www.myopt.org/offer/junior-software-development-engineer-.html]
[www.myopt.org/offer/business-analyst.html]
[www.myopt.org/offer/jr-product-manager-assistant.html]
[www.myopt.org/offer/research-associate.html]
[www.myopt.org/post/h1b_multiple_application.html]
[www.myopt.org/blog/page/robots.html]
[www.myopt.org/blog/page/sitemap.a4.delayed]
[www.myopt.org/blog/page/feed.a5.delayed]
[www.myopt.org/blog/page/${n.html]
[www.myopt.org/blog/page/2.html]
[www.myopt.org/blog/page/decodeURIComponent(e.html]
[www.myopt.org/post/留学生求职-2023美国春招时间线.html]
[www.myopt.org/post/美国实习之cpt是什么？cpt怎么申请？.html]
[www.myopt.org/post/留学生面试-面试时候回答不出来怎么办.html]
[www.myopt.org/post/digital-marketing-analytics-certificate.html]
[www.myopt.org/post/resume.html]
[www.myopt.org/post/how-to-answer-what-is-your-biggest-weakness.html]
[www.myopt.org/post/2022最新美国创业公司排名.html]
[www.myopt.org/blog/categories/robots.html]
[www.myopt.org/blog/categories/sitemap.b0.delayed]
[www.myopt.org/blog/categories/feed.b1.delayed]
[www.myopt.org/blog/categories/${n.html]
[www.myopt.org/blog/categories/求职干货.html]
[www.myopt.org/blog/categories/decodeURIComponent(e.html]
[www.myopt.org/blog/categories/法律干货.html]
[www.myopt.org/blog/categories/法律干货/page/2.html]
[www.myopt.org/post/cs-coding-interview-study-plan.html]
[www.myopt.org/blog/categories/软件工程.html]
[www.myopt.org/post/小白零基础转码必学书籍.html]
[www.myopt.org/post/business-analyst美国求职干货.html]
[www.myopt.org/post/__sql.html]
[www.myopt.org/post/datainterview.html]
[www.myopt.org/post/data-science.html]
[www.myopt.org/blog/categories/数据分析.html]
[www.myopt.org/post/dataanalysis.html]
[www.myopt.org/blog/categories/商务金融.html]
[www.myopt.org/post/美国金融就业情况分析-金融求职方向选择与攻略.html]
[www.myopt.org/post/behavior-question面试题到底怎么答？.html]
[www.myopt.org/post/应对100道行为面试题，只需3个小故事.html]
[www.myopt.org/post/赶上google-amazon招聘末班车！sde上岸干货帖.html]
[www.myopt.org/post/da-ds-求职刷题指南（下）.html]
[www.myopt.org/post/da-ds-求职刷题指南（上）.html]
[www.myopt.org/blog/page/3.html]
[www.myopt.org/post/opt-reapplication.html]
[www.myopt.org/offer/media/robots.html]
[www.myopt.org/offer/media/sitemap.c4.delayed]
[www.myopt.org/offer/media/feed.c5.delayed]
[www.myopt.org/offer/media/${n.html]
[www.myopt.org/offer/media/emptystate.85a4add5.html]
[www.myopt.org/offer/robots.html]
[www.myopt.org/offer/sitemap.html]
[www.myopt.org/offer/feed.html]
[www.myopt.org/offer/media/decodeURIComponent(e.html]
[www.myopt.org/offer/${n.html]
[www.myopt.org/offer/${n-2.html]
[www.myopt.org/offer/decodeURIComponent(e.html]
[www.myopt.org/post/robots.html]
[www.myopt.org/post/sitemap.html]
[www.myopt.org/post/feed.html]
[www.myopt.org/offer/decodeuricomponent(e-2.html]
[www.myopt.org/post/${n.html]
[www.myopt.org/post/decodeURIComponent(e.html]
[www.myopt.org/myjob/robots.html]
[www.myopt.org/myjob/sitemap.html]
[www.myopt.org/myjob/feed.html]
[www.myopt.org/post/${n-2.html]
[www.myopt.org/myjob/${n.html]
[www.myopt.org/myjob/${n-2.html]
[www.myopt.org/myjob/decodeURIComponent(e.html]
[www.myopt.org/myjob/decodeuricomponent(e-2.html]
[www.myopt.org/blog/tags/留学生/page/2.html]
[www.myopt.org/post/h1b_lottery_seleted_chances.html]
[www.myopt.org/post/h1b_employer_requirement.html]
[www.myopt.org/blog/tags/sitemap.d1.delayed]
[www.myopt.org/blog/tags/feed.d2.delayed]
[www.myopt.org/blog/tags/留学生.html]
[www.myopt.org/blog/tags/decodeURIComponent(e.html]
[www.myopt.org/post/secondmasteroptext.html]
[www.myopt.org/blog/tags/opt.html]
[www.myopt.org/post/opt-extension.html]
[www.myopt.org/blog/tags/opt申请指南.html]
[www.myopt.org/blog/tags/i-765填写指南.html]
[www.myopt.org/post/optapplication.html]
[www.myopt.org/blog/tags/北美求职/page/2.html]
[www.myopt.org/blog/tags/北美求职.html]
[www.myopt.org/post/h1b-layoff-help.html]
[www.myopt.org/post/2021-opt-ext-网申流程.html]
[www.myopt.org/post/2023h1b.html]
[www.myopt.org/post/美国留学生-f1签证和i-20的区别是什么.html]
[www.myopt.org/blog/tags/f1签证.html]
[www.myopt.org/blog/tags/opt-extension.html]
[www.myopt.org/blog/tags/opt失业期.html]
[www.myopt.org/post/stemopt_extension_everify.html]
[www.myopt.org/post/美国f1留学生cpt申请攻略.html]
[www.myopt.org/blog/tags/北美留学.html]
[www.myopt.org/blog/tags/opt延期.html]
[www.myopt.org/blog/tags/北美留学/page/2.html]
[www.myopt.org/post/2021h1b新规.html]
[www.myopt.org/blog/tags/移民局禁令.html]
[www.myopt.org/blog/tags/ead卡进度查询.html]
[www.myopt.org/post/applyoptextension.html]
[www.myopt.org/post/f1studentinfo.html]
[www.myopt.org/blog/tags/h1b签证.html]
[www.myopt.org/blog/tags/h1b抽签.html]
[www.myopt.org/blog/tags/h1b新规.html]
[www.myopt.org/post/h1b_multiple_application.html]
[www.myopt.org/blog/page/robots.html]
[www.myopt.org/blog/page/sitemap.html]
[www.myopt.org/blog/page/feed.html]
[www.myopt.org/blog/page/${n.html]
[www.myopt.org/blog/page/decodeURIComponent(e.html]
[www.myopt.org/post/2023h1b申请准备.html]
[www.myopt.org/post/留学生求职-2023美国春招时间线.html]
[www.myopt.org/blog/tags/面试.html]
[www.myopt.org/post/五分钟带你看懂，什么是pta远程实习.html]
[www.myopt.org/post/美国实习之cpt是什么？cpt怎么申请？.html]
[www.myopt.org/post/美国留学生找靠谱实习.html]
[www.myopt.org/blog/tags/模板.html]
[www.myopt.org/post/留学生面试-面试时候回答不出来怎么办.html]
[www.myopt.org/post/digital-marketing-analytics-certificate.html]
[www.myopt.org/blog/tags/数据科学.html]
[www.myopt.org/blog/tags/简历.html]
[www.myopt.org/post/resume.html]
[www.myopt.org/blog/tags/resume.html]
[www.myopt.org/post/how-to-answer-what-is-your-biggest-weakness.html]
[www.myopt.org/post/2022最新美国创业公司排名.html]
[www.myopt.org/blog/categories/robots.html]
[www.myopt.org/blog/categories/sitemap.html]
[www.myopt.org/blog/categories/feed.html]
[www.myopt.org/post/interviewskills.html]
[www.myopt.org/blog/categories/${n.html]
[www.myopt.org/blog/categories/decodeURIComponent(e.html]
[www.myopt.org/blog/categories/${n-2.html]
[www.myopt.org/blog/categories/法律干货/page/robots.html]
[www.myopt.org/blog/categories/法律干货/page/sitemap.ec.delayed]
[www.myopt.org/blog/categories/法律干货/page/feed.ed.delayed]
[www.myopt.org/blog/categories/法律干货/page/${n.html]
[www.myopt.org/blog/categories/法律干货/page/2.html]
[www.myopt.org/blog/categories/法律干货/page/decodeURIComponent(e.html]
[www.myopt.org/post/cs-coding-interview-study-plan.html]
[www.myopt.org/blog/tags/python.html]
[www.myopt.org/post/小白零基础转码必学书籍.html]
[www.myopt.org/blog/tags/sql.html]
[www.myopt.org/post/business-analyst美国求职干货.html]
[www.myopt.org/blog/tags/data-analyst.html]
[www.myopt.org/blog/hashtags/SQL.html]
[www.myopt.org/blog/hashtags/MySQL.html]
[www.myopt.org/blog/hashtags/Oracle.html]
[www.myopt.org/post/__sql.html]
[www.myopt.org/blog/tags/data-scientist.html]
[www.myopt.org/blog/tags/a-b-test.html]
[www.myopt.org/post/datainterview.html]
[www.myopt.org/blog/tags/product-sense.html]
[www.myopt.org/post/data-science.html]
[www.myopt.org/blog/tags/leetcode.html]
[www.myopt.org/blog/tags/数据分析.html]
[www.myopt.org/blog/tags/r.html]
[www.myopt.org/post/dataanalysis.html]
[www.myopt.org/post/美国金融就业情况分析-金融求职方向选择与攻略.html]
[www.myopt.org/post/behavior-question面试题到底怎么答？.html]
[www.myopt.org/post/应对100道行为面试题，只需3个小故事.html]
[www.myopt.org/post/赶上google-amazon招聘末班车！sde上岸干货帖.html]
[www.myopt.org/post/da-ds-求职刷题指南（下）.html]
[www.myopt.org/post/da-ds-求职刷题指南（上）.html]
[www.myopt.org/post/opt-reapplication.html]
[www.myopt.org/offer/media/robots.html]
[www.myopt.org/offer/media/sitemap.html]
[www.myopt.org/offer/media/feed.html]
[www.myopt.org/blog/tags/excel.html]
[www.myopt.org/offer/media/${n.html]
[www.myopt.org/offer/media/decodeURIComponent(e.html]
[www.myopt.org/offer/${n-2.html]
[www.myopt.org/offer/decodeuricomponent(e-2.html]
[www.myopt.org/post/${n-2.html]
[www.myopt.org/myjob/${n-2.html]
[www.myopt.org/myjob/decodeuricomponent(e-2.html]
[www.myopt.org/offer/media/${n-2.html]
[www.myopt.org/blog/tags/留学生/page/robots.html]
[www.myopt.org/blog/tags/留学生/page/sitemap.100.delayed]
[www.myopt.org/blog/tags/留学生/page/feed.101.delayed]
[www.myopt.org/blog/tags/留学生/page/${n.html]
[www.myopt.org/blog/tags/留学生/page/2.html]
[www.myopt.org/post/h1b_lottery_seleted_chances.html]
[www.myopt.org/post/h1b_employer_requirement.html]
[www.myopt.org/blog/tags/sitemap.html]
[www.myopt.org/blog/tags/feed.html]
[www.myopt.org/blog/tags/decodeURIComponent(e.html]
[www.myopt.org/blog/tags/留学生/page/decodeURIComponent(e.html]
[www.myopt.org/blog/tags/${n.html]
[www.myopt.org/blog/tags/robots.html]
[www.myopt.org/post/secondmasteroptext.html]
[www.myopt.org/post/2021年opt申请攻略-干货帖.html]
[www.myopt.org/blog/tags/stem-opt.html]
[www.myopt.org/post/opt-extension.html]
[www.myopt.org/blog/tags/i-983填写指南.html]
[www.myopt.org/blog/hashtags/OPT申请指南.html]
[www.myopt.org/post/optapplication.html]
[www.myopt.org/blog/hashtags/I765表格.html]
[www.myopt.org/post/春招结束还没上岸？莫慌，先听听谷歌工程师的建议吧！.html]
[www.myopt.org/blog/tags/北美求职/page/robots.html]
[www.myopt.org/blog/tags/北美求职/page/sitemap.10b.delayed]
[www.myopt.org/blog/tags/北美求职/page/feed.10c.delayed]
[www.myopt.org/blog/tags/北美求职/page/${n.html]
[www.myopt.org/blog/tags/北美求职/page/2.html]
[www.myopt.org/post/h1b-layoff-help.html]
[www.myopt.org/post/2021-opt-ext-网申流程.html]
[www.myopt.org/blog/tags/北美求职/page/decodeURIComponent(e.html]
[www.myopt.org/post/2023h1b.html]
[www.myopt.org/post/美国留学生-f1签证和i-20的区别是什么.html]
[www.myopt.org/post/美国f1留学生cpt申请攻略.html]
[www.myopt.org/post/h4-ead.html]
[www.myopt.org/blog/tags/北美留学/page/robots.html]
[www.myopt.org/blog/tags/北美留学/page/sitemap.111.delayed]
[www.myopt.org/blog/tags/北美留学/page/feed.112.delayed]
[www.myopt.org/blog/tags/北美留学/page/${n.html]
[www.myopt.org/blog/tags/北美留学/page/2.html]
[www.myopt.org/blog/tags/北美留学/page/decodeURIComponent(e.html]
[www.myopt.org/post/2021h1b新规.html]
[www.myopt.org/post/f1studentinfo.html]
[www.myopt.org/post/2023h1b申请准备.html]
[www.myopt.org/blog/tags/uscis.html]
[www.myopt.org/blog/tags/面试.html]
[www.myopt.org/post/五分钟带你看懂，什么是pta远程实习.html]
[www.myopt.org/post/美国留学生找靠谱实习.html]
[www.myopt.org/blog/tags/模板.html]
[www.myopt.org/blog/tags/数据科学.html]
[www.myopt.org/blog/tags/简历.html]
[www.myopt.org/blog/tags/resume.html]
[www.myopt.org/post/how-to-handle-conflicts.html]
[www.myopt.org/post/interviewskills.html]
[www.myopt.org/blog/categories/${n-2.html]
[www.myopt.org/blog/categories/法律干货/page/robots.html]
[www.myopt.org/blog/categories/法律干货/page/sitemap.html]
[www.myopt.org/blog/categories/法律干货/page/feed.html]
[www.myopt.org/blog/tags/面试技巧.html]
[www.myopt.org/blog/categories/法律干货/page/${n.html]
[www.myopt.org/blog/categories/法律干货/page/decodeURIComponent(e.html]
[www.myopt.org/blog/tags/python.html]
[www.myopt.org/blog/tags/sql.html]
[www.myopt.org/blog/tags/data-analyst.html]
[www.myopt.org/blog/categories/法律干货/page/${n-2.html]
[www.myopt.org/blog/hashtags/robots.html]
[www.myopt.org/blog/hashtags/sitemap.11a.delayed]
[www.myopt.org/blog/hashtags/feed.11b.delayed]
[www.myopt.org/blog/hashtags/${n.html]
[www.myopt.org/blog/hashtags/SQL.html]
[www.myopt.org/blog/hashtags/MySQL.html]
[www.myopt.org/blog/hashtags/Oracle.html]
[www.myopt.org/blog/tags/data-scientist.html]
[www.myopt.org/blog/tags/a-b-test.html]
[www.myopt.org/blog/tags/product-sense.html]
[www.myopt.org/blog/tags/leetcode.html]
[www.myopt.org/blog/tags/数据分析.html]
[www.myopt.org/blog/tags/r.html]
[www.myopt.org/blog/tags/excel.html]
[www.myopt.org/offer/media/${n-2.html]
[www.myopt.org/blog/tags/留学生/page/robots.html]
[www.myopt.org/blog/tags/留学生/page/sitemap.html]
[www.myopt.org/blog/tags/留学生/page/feed.html]
[www.myopt.org/blog/hashtags/decodeURIComponent(e.html]
[www.myopt.org/blog/tags/留学生/page/${n.html]
[www.myopt.org/blog/tags/留学生/page/decodeURIComponent(e.html]
[www.myopt.org/blog/tags/robots.html]
[www.myopt.org/blog/tags/facebook.html]
[www.myopt.org/blog/tags/留学生/page/${n-2.html]
[www.myopt.org/blog/tags/${n.html]
[www.myopt.org/post/2021年opt申请攻略-干货帖.html]
[www.myopt.org/blog/tags/stem-opt.html]
[www.myopt.org/blog/tags/i-983填写指南.html]
[www.myopt.org/blog/hashtags/OPT申请指南.html]
[www.myopt.org/blog/hashtags/I765表格.html]
[www.myopt.org/post/春招结束还没上岸？莫慌，先听听谷歌工程师的建议吧！.html]
[www.myopt.org/blog/tags/北美求职/page/robots.html]
[www.myopt.org/blog/tags/北美求职/page/sitemap.html]
[www.myopt.org/blog/tags/北美求职/page/feed.html]
[www.myopt.org/blog/tags/${n-2.html]
[www.myopt.org/blog/tags/北美求职/page/${n.html]
[www.myopt.org/blog/tags/北美求职/page/decodeURIComponent(e.html]
[www.myopt.org/blog/tags/北美求职/page/${n-2.html]
[www.myopt.org/blog/tags/f1转h4.html]
[www.myopt.org/blog/tags/h1b转h4.html]
[www.myopt.org/blog/tags/b2转h4.html]
[www.myopt.org/blog/tags/h4签证.html]
[www.myopt.org/blog/tags/h4-ead.html]
[www.myopt.org/blog/tags/i-539表格填写指南.html]
[www.myopt.org/blog/tags/i-765表格填写指南.html]
[www.myopt.org/post/h4-ead.html]
[www.myopt.org/blog/tags/北美留学/page/robots.html]
[www.myopt.org/blog/tags/北美留学/page/sitemap.html]
[www.myopt.org/blog/tags/北美留学/page/feed.html]
[www.myopt.org/blog/tags/h1b配偶签证.html]
[www.myopt.org/blog/tags/北美留学/page/${n.html]
[www.myopt.org/blog/tags/北美留学/page/decodeURIComponent(e.html]
[www.myopt.org/blog/tags/uscis.html]
[www.myopt.org/post/how-to-handle-conflicts.html]
[www.myopt.org/blog/tags/面试技巧.html]
[www.myopt.org/blog/categories/法律干货/page/${n-2.html]
[www.myopt.org/blog/hashtags/robots.html]
[www.myopt.org/blog/hashtags/sitemap.html]
[www.myopt.org/blog/hashtags/feed.html]
[www.myopt.org/blog/tags/北美留学/page/${n-2.html]
[www.myopt.org/blog/hashtags/${n.html]
[www.myopt.org/blog/hashtags/decodeURIComponent(e.html]
[www.myopt.org/blog/tags/facebook.html]
[www.myopt.org/blog/tags/留学生/page/${n-2.html]
[www.myopt.org/blog/tags/${n-2.html]
[www.myopt.org/blog/tags/北美求职/page/${n-2.html]
[www.myopt.org/blog/tags/f1转h4.html]
[www.myopt.org/blog/tags/h1b转h4.html]
[www.myopt.org/blog/tags/b2转h4.html]
[www.myopt.org/blog/tags/h4签证.html]
[www.myopt.org/blog/tags/h4-ead.html]
[www.myopt.org/blog/tags/i-539表格填写指南.html]
[www.myopt.org/blog/tags/i-765表格填写指南.html]
[www.myopt.org/blog/tags/h1b配偶签证.html]
[www.myopt.org/blog/tags/北美留学/page/${n-2.html]
[www.myopt.org/blog/hashtags/${n-2.html]
[www.myopt.org/blog/hashtags/${n-2.html]
